[demo.themovation.com/stratus/home-design-agency/index.html]
[backblue.gif]
[fade.gif]
[index.html]
[demo.themovation.com/stratus/wp-content/plugins/formidable/css/formidableforms127c4.css]
[demo.themovation.com/stratus/comments/feed/index.html]
[demo.themovation.com/stratus/wp-content/plugins/th-widget-pack/assets/icons/icons5bf8.css]
[demo.themovation.com/stratus/wp-content/plugins/th-widget-pack/css/global4f5b.css]
[demo.themovation.com/stratus/wp-includes/css/dist/block-library/style.min4118.css]
[demo.themovation.com/stratus/wp-content/plugins/woocommerce/packages/woocommerce-blocks/build/wc-blocks-vendors-style174f.css]
[demo.themovation.com/stratus/wp-content/plugins/woocommerce/packages/woocommerce-blocks/build/wc-blocks-style174f.css]
[demo.themovation.com/stratus/wp-includes/css/classic-themes.min4118.css]
[demo.themovation.com/stratus/wp-content/plugins/groovy-menu/assets/style/frontend2f91.css]
[demo.themovation.com/stratus/wp-content/uploads/groovy/fonts/groovy-283282f91.css]
[demo.themovation.com/stratus/wp-content/uploads/groovy/fonts/groovy-690182f91.css]
[demo.themovation.com/stratus/wp-content/uploads/groovy/fonts/groovy-socicon2f91.css]
[demo.themovation.com/stratus/wp-content/plugins/groovy-menu/assets/style/font-internal2f91.css]
[demo.themovation.com/stratus/wp-content/plugins/groovy-menu/assets/fonts/crane-font4bb8.woff]
[demo.themovation.com/stratus/wp-content/plugins/woocommerce/assets/css/woocommerce-layout8c10.css]
[demo.themovation.com/stratus/wp-content/plugins/woocommerce/assets/css/woocommerce-smallscreen8c10.css]
[demo.themovation.com/stratus/wp-content/plugins/woocommerce/assets/css/woocommerce8c10.css]
[demo.themovation.com/stratus/wp-content/plugins/th-widget-pack/header-footer/assets/css/header-footer-elementor5bf8.css]
[demo.themovation.com/stratus/wp-content/plugins/elementor/assets/lib/eicons/css/elementor-icons.min3b94.css]
[demo.themovation.com/stratus/wp-content/plugins/elementor/assets/css/frontend-legacy.minfb6f.css]
[demo.themovation.com/stratus/wp-content/plugins/elementor/assets/css/frontend.minfb6f.css]
[demo.themovation.com/stratus/wp-content/plugins/elementor/assets/lib/swiper/css/swiper.min48f5.css]
[demo.themovation.com/stratus/wp-content/uploads/elementor/css/post-75696128.css]
[demo.themovation.com/stratus/wp-content/plugins/elementor/assets/lib/font-awesome/css/all.minfb6f.css]
[demo.themovation.com/stratus/wp-content/plugins/elementor/assets/lib/font-awesome/css/v4-shims.minfb6f.css]
[demo.themovation.com/stratus/wp-content/uploads/elementor/css/post-762901ae.css]
[demo.themovation.com/stratus/wp-content/plugins/th-widget-pack/header-footer/inc/widgets-css/frontend5bf8.css]
[demo.themovation.com/stratus/wp-content/uploads/elementor/css/post-13300cbcc.css]
[demo.themovation.com/stratus/wp-content/uploads/elementor/css/post-13308947f.css]
[demo.themovation.com/stratus/wp-content/plugins/masterslider/public/assets/css/masterslider.maina7a0.css]
[demo.themovation.com/stratus/wp-content/uploads/masterslider/custom9122.css]
[demo.themovation.com/stratus/wp-content/plugins/elementor/assets/lib/font-awesome/css/font-awesome.min1849.css]
[demo.themovation.com/stratus/wp-content/uploads/groovy/preset_429298c3.css]
[demo.themovation.com/stratus/wp-content/themes/stratusx/assets/css/app68b3.css]
[demo.themovation.com/stratus/wp-content/themes/stratusx-child/style4118.css]
[demo.themovation.com/stratus/wp-content/plugins/elementor/assets/lib/font-awesome/css/fontawesome.min52d5.css]
[demo.themovation.com/stratus/wp-content/plugins/elementor/assets/lib/font-awesome/css/brands.min52d5.css]
[demo.themovation.com/stratus/wp-includes/js/jquery/jquery.min5aed.js]
[demo.themovation.com/stratus/wp-includes/js/jquery/jquery-migrate.min6b00.js]
[demo.themovation.com/stratus/wp-content/plugins/masterslider/includes/modules/elementor/assets/js/elementor-widgetsa7a0.js]
[demo.themovation.com/stratus/wp-content/plugins/elementor/assets/lib/font-awesome/js/v4-shims.minfb6f.js]
[demo.themovation.com/stratus/wp-json/wp/v2/pages/7629.json]
[demo.themovation.com/stratus/wp-json/index.html]
[demo.themovation.com/stratus/xmlrpc0db0.php]
[demo.themovation.com/stratus/wp-includes/wlwmanifest.xml]
[demo.themovation.com/stratus/wp-json/oembed/1.0/embed3477.json]
[demo.themovation.com/stratus/wp-json/oembed/1.0/embed7026]
[demo.themovation.com/stratus/wp-content/uploads/2022/09/cropped-Stratus-favicon-1-32x32.png]
[demo.themovation.com/stratus/wp-content/uploads/2022/09/cropped-Stratus-favicon-1-192x192.png]
[demo.themovation.com/stratus/wp-content/uploads/2022/09/cropped-Stratus-favicon-1-180x180.png]
[demo.themovation.com/stratus/wp-content/uploads/2022/09/Stratus-logo-blk@2x-1.png]
[demo.themovation.com/stratus/wp-content/uploads/2019/06/volicity-9.png]
[demo.themovation.com/stratus/wp-content/uploads/2019/06/tvit.png]
[demo.themovation.com/stratus/wp-content/uploads/2019/06/lighting.png]
[demo.themovation.com/stratus/wp-content/uploads/2019/06/asgardia.png]
[demo.themovation.com/stratus/wp-content/uploads/2019/08/Port-Nouri-394x394.jpg]
[demo.themovation.com/stratus/wp-content/uploads/2019/08/Port-Adore-394x394.jpg]
[demo.themovation.com/stratus/wp-content/uploads/2019/08/Port-Cocooil-394x394.jpg]
[demo.themovation.com/stratus/wp-content/uploads/2019/08/Port-Creamery-394x394.jpg]
[demo.themovation.com/stratus/wp-content/uploads/2019/08/Port-Dripp-394x394.jpg]
[demo.themovation.com/stratus/wp-content/uploads/2019/08/Port-Larq-394x394.jpg]
[demo.themovation.com/stratus/wp-content/uploads/elementor/thumbs/Customer193-qax6bg7vuj9hhdtjb3agaqceesj6e7g1qbrx2xldww.jpg]
[demo.themovation.com/stratus/wp-content/uploads/elementor/thumbs/testimonial-5-qax6bj1ef1dcg7pfumic07ms6y5a1ar8qpqdirh7e8.jpg]
[demo.themovation.com/stratus/wp-content/uploads/elementor/thumbs/Fintech-6-qax6bg7vuj9hhdtjb3agaqceesj6e7g1qbrx2xldww.jpg]
[demo.themovation.com/stratus/wp-content/uploads/2015/03/IQTQKY4OJ6-394x263.jpg]
[demo.themovation.com/stratus/wp-content/uploads/2015/03/797-394x263.jpg]
[demo.themovation.com/stratus/wp-content/uploads/2015/02/8865586006_560677ac33_o-394x268.jpg]
[demo.themovation.com/stratus/wp-content/plugins/formidable/images/ajax_loader.gif]
[demo.themovation.com/stratus/wp-content/plugins/th-widget-pack/css/portfolio4f5b.css]
[demo.themovation.com/stratus/wp-content/plugins/th-widget-pack/css/blog24f5b.css]
[demo.themovation.com/stratus/wp-content/plugins/elementor/assets/lib/animations/animations.minfb6f.css]
[demo.themovation.com/stratus/wp-content/plugins/groovy-menu/assets/js/frontend2f91.js]
[demo.themovation.com/stratus/wp-content/plugins/woocommerce/assets/js/jquery-blockui/jquery.blockUI.min3156.js]
[demo.themovation.com/stratus/wp-content/plugins/woocommerce/assets/js/js-cookie/js.cookie.min1c57.js]
[demo.themovation.com/stratus/wp-content/plugins/woocommerce/assets/js/frontend/woocommerce.min8c10.js]
[demo.themovation.com/stratus/wp-content/plugins/woocommerce/assets/js/frontend/cart-fragments.min8c10.js]
[demo.themovation.com/stratus/wp-content/plugins/elementor/assets/lib/waypoints/waypoints.min05da.js]
[demo.themovation.com/stratus/wp-content/plugins/th-widget-pack/header-footer/inc/js/frontend5bf8.js]
[demo.themovation.com/stratus/wp-content/plugins/th-widget-pack/js/themo-foot5bf8.js]
[demo.themovation.com/stratus/wp-content/themes/stratusx/assets/js/vendor/vendor_footer62ea.js]
[demo.themovation.com/stratus/wp-content/themes/stratusx/assets/js/main4e44.js]
[demo.themovation.com/stratus/wp-content/plugins/formidable/js/frm.minf731.js]
[demo.themovation.com/stratus/wp-content/plugins/elementor/assets/js/webpack.runtime.minfb6f.js]
[demo.themovation.com/stratus/wp-content/plugins/elementor/assets/js/frontend-modules.minfb6f.js]
[demo.themovation.com/stratus/wp-includes/js/jquery/ui/core.min3f14.js]
[demo.themovation.com/stratus/wp-content/plugins/elementor/assets/lib/swiper/swiper.min48f5.js]
[demo.themovation.com/stratus/wp-content/plugins/elementor/assets/lib/share-link/share-link.minfb6f.js]
[demo.themovation.com/stratus/wp-content/plugins/elementor/assets/lib/dialog/dialog.mind227.js]
[demo.themovation.com/stratus/wp-content/plugins/elementor/assets/js/frontend.minfb6f.js]
[demo.themovation.com/stratus/wp-content/plugins/elementor/assets/js/preloaded-modules.minfb6f.js]
[demo.themovation.com/stratus/home-design-agency/index.html]
[demo.themovation.com/stratus/feed/index.html]
[fonts.googleapis.com/cssecf9.css]
[fonts.gstatic.com/index.html]
[demo.themovation.com/stratus/index18ac.html]
[demo.themovation.com/stratus/comments/feed/index.html]
[demo.themovation.com/stratus/wp-content/uploads/2020/12/Circle-bg.svg]
[demo.themovation.com/stratus/wp-json/index.html]
[demo.themovation.com/stratus/wp-json/wp/v2/pages/7629.json]
[demo.themovation.com/stratus/wp-content/plugins/formidable/css/formidableforms127c4.css]
[demo.themovation.com/stratus/wp-content/plugins/th-widget-pack/assets/icons/linea/linea-arrows-10.eot]
[demo.themovation.com/stratus/wp-json/oembed/1.0/embed3477.json]
[demo.themovation.com/stratus/wp-content/plugins/th-widget-pack/assets/icons/linea/linea-arrows-10d41d.eot]
[demo.themovation.com/stratus/wp-content/plugins/groovy-menu/assets/js/frontend2f91.js]
[demo.themovation.com/stratus/wp-content/plugins/th-widget-pack/assets/icons/linea/linea-arrows-10.woff]
[demo.themovation.com/stratus/wp-content/plugins/th-widget-pack/assets/icons/linea/linea-arrows-10.ttf]
[demo.themovation.com/stratus/wp-content/plugins/th-widget-pack/assets/icons/linea/linea-basic-10.eot]
[demo.themovation.com/stratus/wp-content/plugins/th-widget-pack/assets/icons/linea/linea-basic-10d41d.eot]
[demo.themovation.com/stratus/wp-content/plugins/th-widget-pack/assets/icons/linea/linea-basic-10.woff]
[demo.themovation.com/stratus/wp-content/plugins/th-widget-pack/assets/icons/linea/linea-basic-10.ttf]
[demo.themovation.com/stratus/wp-content/plugins/th-widget-pack/assets/icons/linea/linea-basic-elaboration-10.eot]
[demo.themovation.com/stratus/wp-content/plugins/th-widget-pack/assets/icons/linea/linea-basic-elaboration-10d41d.eot]
[demo.themovation.com/stratus/wp-content/plugins/th-widget-pack/assets/icons/linea/linea-basic-elaboration-10.woff]
[demo.themovation.com/stratus/wp-content/plugins/th-widget-pack/assets/icons/linea/linea-basic-elaboration-10.ttf]
[demo.themovation.com/stratus/wp-content/plugins/th-widget-pack/assets/icons/linea/linea-ecommerce-10.eot]
[demo.themovation.com/stratus/wp-content/plugins/th-widget-pack/assets/icons/linea/linea-ecommerce-10d41d.eot]
[demo.themovation.com/stratus/wp-content/plugins/th-widget-pack/assets/icons/linea/linea-ecommerce-10.woff]
[demo.themovation.com/stratus/wp-content/plugins/th-widget-pack/assets/icons/linea/linea-ecommerce-10.ttf]
[demo.themovation.com/stratus/wp-content/plugins/th-widget-pack/assets/icons/linea/linea-music-10.eot]
[demo.themovation.com/stratus/wp-content/plugins/th-widget-pack/assets/icons/linea/linea-music-10d41d.eot]
[demo.themovation.com/stratus/wp-content/plugins/th-widget-pack/assets/icons/linea/linea-music-10.woff]
[demo.themovation.com/stratus/wp-content/plugins/th-widget-pack/assets/icons/linea/linea-music-10.ttf]
[demo.themovation.com/stratus/wp-content/plugins/th-widget-pack/assets/icons/linea/linea-software-10.eot]
[demo.themovation.com/stratus/wp-content/plugins/th-widget-pack/assets/icons/linea/linea-software-10d41d.eot]
[demo.themovation.com/stratus/wp-content/plugins/th-widget-pack/assets/icons/linea/linea-software-10.woff]
[demo.themovation.com/stratus/wp-content/plugins/th-widget-pack/assets/icons/linea/linea-software-10.ttf]
[demo.themovation.com/stratus/wp-content/plugins/th-widget-pack/assets/icons/linea/linea-weather-10.eot]
[demo.themovation.com/stratus/wp-content/plugins/th-widget-pack/assets/icons/linea/linea-weather-10d41d.eot]
[demo.themovation.com/stratus/wp-content/plugins/th-widget-pack/assets/icons/linea/linea-weather-10.woff]
[demo.themovation.com/stratus/wp-content/plugins/th-widget-pack/assets/icons/linea/linea-weather-10.ttf]
[demo.themovation.com/stratus/wp-content/plugins/th-widget-pack/assets/icons/travelpack/travelpack.eot]
[demo.themovation.com/stratus/wp-content/plugins/th-widget-pack/assets/icons/travelpack/travelpackd41d.eot]
[demo.themovation.com/stratus/wp-content/plugins/th-widget-pack/assets/icons/travelpack/travelpack.woff]
[demo.themovation.com/stratus/wp-content/plugins/th-widget-pack/assets/icons/travelpack/travelpack.ttf]
[demo.themovation.com/stratus/wp-content/plugins/th-widget-pack/assets/icons/icons5bf8.css]
[demo.themovation.com/stratus/wp-content/plugins/th-widget-pack/css/global4f5b.css]
[demo.themovation.com/stratus/wp-includes/css/dist/block-library/style.min4118.css]
[demo.themovation.com/stratus/wp-content/plugins/woocommerce/packages/woocommerce-blocks/build/wc-blocks-vendors-style174f.css]
[demo.themovation.com/stratus/wp-content/plugins/woocommerce/packages/woocommerce-blocks/build/wc-blocks-style174f.css]
[demo.themovation.com/stratus/wp-includes/css/classic-themes.min4118.css]
[demo.themovation.com/stratus/wp-content/plugins/groovy-menu/assets/style/frontend2f91.css]
[demo.themovation.com/stratus/wp-content/uploads/groovy/fonts/groovy-28328d3eb.eot]
[demo.themovation.com/stratus/wp-content/uploads/groovy/fonts/groovy-28328d3eb.ttf]
[demo.themovation.com/stratus/wp-content/uploads/groovy/fonts/groovy-28328d3eb.woff]
[demo.themovation.com/stratus/wp-content/uploads/groovy/fonts/groovy-283282f91.css]
[demo.themovation.com/stratus/wp-content/uploads/groovy/fonts/groovy-69018d3eb.ttf]
[demo.themovation.com/stratus/wp-content/uploads/groovy/fonts/groovy-69018d3eb.woff]
[demo.themovation.com/stratus/wp-content/uploads/groovy/fonts/groovy-690182f91.css]
[demo.themovation.com/stratus/wp-content/uploads/groovy/fonts/groovy-socicond3eb.eot]
[demo.themovation.com/stratus/wp-content/uploads/groovy/fonts/groovy-socicond3eb.ttf]
[demo.themovation.com/stratus/wp-content/uploads/groovy/fonts/groovy-socicond3eb.woff]
[demo.themovation.com/stratus/wp-content/uploads/groovy/fonts/groovy-socicon2f91.css]
[demo.themovation.com/stratus/wp-content/plugins/groovy-menu/assets/style/font-internal2f91.css]
[demo.themovation.com/stratus/wp-content/plugins/woocommerce/assets/css/woocommerce-layout8c10.css]
[demo.themovation.com/stratus/wp-content/plugins/woocommerce/assets/css/woocommerce-smallscreen8c10.css]
[demo.themovation.com/stratus/wp-content/plugins/woocommerce/assets/css/woocommerce8c10.css]
[demo.themovation.com/stratus/wp-content/plugins/th-widget-pack/header-footer/assets/css/header-footer-elementor5bf8.css]
[demo.themovation.com/stratus/wp-content/plugins/elementor/assets/lib/eicons/css/elementor-icons.min3b94.css]
[demo.themovation.com/stratus/wp-content/plugins/elementor/assets/css/frontend-legacy.minfb6f.css]
[demo.themovation.com/stratus/wp-content/plugins/elementor/assets/css/frontend.minfb6f.css]
[demo.themovation.com/stratus/wp-content/plugins/elementor/assets/lib/swiper/css/swiper.min48f5.css]
[demo.themovation.com/stratus/wp-content/uploads/elementor/css/post-75696128.css]
[demo.themovation.com/stratus/wp-content/plugins/elementor/assets/lib/font-awesome/css/all.minfb6f.css]
[demo.themovation.com/stratus/wp-content/plugins/elementor/assets/lib/font-awesome/css/v4-shims.minfb6f.css]
[demo.themovation.com/stratus/wp-content/uploads/elementor/css/post-762901ae.css]
[demo.themovation.com/stratus/wp-content/plugins/th-widget-pack/header-footer/inc/widgets-css/frontend5bf8.css]
[demo.themovation.com/stratus/wp-content/uploads/2022/09/white-bg.png]
[demo.themovation.com/stratus/wp-content/uploads/elementor/css/post-13300cbcc.css]
[demo.themovation.com/stratus/wp-content/uploads/elementor/css/post-13308947f.css]
[demo.themovation.com/stratus/wp-content/plugins/masterslider/public/assets/css/common/loading-2.gif]
[demo.themovation.com/stratus/wp-content/plugins/masterslider/public/assets/css/common/grab.png]
[demo.themovation.com/stratus/wp-content/plugins/masterslider/public/assets/css/common/grabbing.png]
[demo.themovation.com/stratus/wp-content/plugins/masterslider/public/assets/css/common/video-close-btn.png]
[demo.themovation.com/stratus/wp-content/plugins/masterslider/public/assets/css/skins/light-skin-1.png]
[demo.themovation.com/stratus/wp-content/plugins/masterslider/public/assets/css/skins/light-skin-1-retina.png]
[demo.themovation.com/stratus/wp-content/plugins/masterslider/public/assets/css/skins/black-skin-1.png]
[demo.themovation.com/stratus/wp-content/plugins/masterslider/public/assets/css/skins/black-skin-1-retina.png]
[demo.themovation.com/stratus/wp-content/plugins/masterslider/public/assets/css/skins/black-skin-2.png]
[demo.themovation.com/stratus/wp-content/plugins/masterslider/public/assets/css/skins/black-skin-2-retina.png]
[demo.themovation.com/stratus/wp-content/plugins/masterslider/public/assets/css/skins/light-skin-2.png]
[demo.themovation.com/stratus/wp-content/plugins/masterslider/public/assets/css/skins/light-skin-2-retina.png]
[demo.themovation.com/stratus/wp-content/plugins/masterslider/public/assets/css/skins/light-skin-3.png]
[demo.themovation.com/stratus/wp-content/plugins/masterslider/public/assets/css/skins/light-skin-3-retina.png]
[demo.themovation.com/stratus/wp-content/plugins/masterslider/public/assets/css/skins/light-skin-4.png]
[demo.themovation.com/stratus/wp-content/plugins/masterslider/public/assets/css/skins/light-skin-4-retina.png]
[demo.themovation.com/stratus/wp-content/plugins/masterslider/public/assets/css/skins/light-skin-5.png]
[demo.themovation.com/stratus/wp-content/plugins/masterslider/public/assets/css/skins/light-skin-5-retina.png]
[demo.themovation.com/stratus/wp-content/plugins/masterslider/public/assets/css/skins/light-skin-6.png]
[demo.themovation.com/stratus/wp-content/plugins/masterslider/public/assets/css/skins/light-skin-6-retina.png]
[demo.themovation.com/stratus/wp-content/plugins/masterslider/public/assets/css/skins/metro-skin.png]
[demo.themovation.com/stratus/wp-content/plugins/masterslider/public/assets/css/skins/metro-skin-retina.png]
[demo.themovation.com/stratus/wp-content/plugins/masterslider/public/assets/css/skins/contrast-skin.png]
[demo.themovation.com/stratus/wp-content/plugins/masterslider/public/assets/css/skins/contrast-skin-retina.png]
[demo.themovation.com/stratus/wp-content/plugins/masterslider/public/assets/css/templates/device-skin.png]
[demo.themovation.com/stratus/wp-content/plugins/masterslider/public/assets/css/templates/gallery-btns.png]
[demo.themovation.com/stratus/wp-content/plugins/masterslider/public/assets/css/templates/staff-arrows.png]
[demo.themovation.com/stratus/wp-content/plugins/masterslider/public/assets/css/templates/vertical-arrows.png]
[demo.themovation.com/stratus/wp-content/plugins/masterslider/public/assets/css/masterslider.maina7a0.css]
[demo.themovation.com/stratus/wp-content/uploads/masterslider/custom9122.css]
[demo.themovation.com/stratus/wp-content/plugins/elementor/assets/lib/font-awesome/css/font-awesome.min1849.css]
[demo.themovation.com/stratus/wp-content/uploads/groovy/preset_429298c3.css]
[demo.themovation.com/stratus/wp-content/themes/stratusx/assets/css/app68b3.css]
[demo.themovation.com/stratus/wp-content/themes/stratusx-child/style4118.css]
[demo.themovation.com/stratus/wp-content/plugins/elementor/assets/lib/font-awesome/css/fontawesome.min52d5.css]
[demo.themovation.com/stratus/wp-content/plugins/elementor/assets/lib/font-awesome/css/brands.min52d5.css]
[demo.themovation.com/stratus/index18ac.html]
[demo.themovation.com/stratus/wp-content/plugins/th-widget-pack/css/portfolio4f5b.css]
[demo.themovation.com/stratus/wp-content/plugins/th-widget-pack/css/blog24f5b.css]
[demo.themovation.com/stratus/wp-content/plugins/elementor/assets/lib/animations/animations.minfb6f.css]
[demo.themovation.com/stratus/wp-content/plugins/th-widget-pack/assets/icons/linea/linea-arrows-10.svg]
[demo.themovation.com/stratus/wp-content/plugins/th-widget-pack/assets/icons/linea/linea-basic-10.svg]
[demo.themovation.com/stratus/wp-content/plugins/th-widget-pack/assets/icons/linea/linea-basic-elaboration-10.svg]
[demo.themovation.com/stratus/wp-content/plugins/th-widget-pack/assets/icons/linea/linea-ecommerce-10.svg]
[demo.themovation.com/stratus/wp-content/plugins/th-widget-pack/assets/icons/linea/linea-music-10.svg]
[demo.themovation.com/stratus/wp-content/plugins/th-widget-pack/assets/icons/linea/linea-software-10.svg]
[demo.themovation.com/stratus/wp-content/plugins/th-widget-pack/assets/icons/linea/linea-weather-10.svg]
[demo.themovation.com/stratus/wp-content/plugins/th-widget-pack/assets/icons/travelpack/travelpack.svg]
[demo.themovation.com/stratus/wp-content/plugins/groovy-menu/assets/images/gm-logo.svg]
[demo.themovation.com/stratus/wp-content/uploads/groovy/fonts/groovy-28328d3eb.svg]
[demo.themovation.com/stratus/wp-content/uploads/groovy/fonts/groovy-69018d3eb.eot]
[demo.themovation.com/stratus/wp-content/uploads/groovy/fonts/groovy-69018d3eb.svg]
[demo.themovation.com/stratus/wp-content/uploads/groovy/fonts/groovy-socicond3eb.svg]
[demo.themovation.com/stratus/wp-content/plugins/woocommerce/assets/fonts/star.svg]
[demo.themovation.com/stratus/wp-content/plugins/woocommerce/assets/fonts/WooCommerce.svg]
[demo.themovation.com/stratus/wp-content/plugins/woocommerce/assets/images/icons/loader.svg]
[demo.themovation.com/stratus/wp-content/plugins/woocommerce/assets/images/icons/credit-cards/visa.svg]
[demo.themovation.com/stratus/wp-content/plugins/woocommerce/assets/images/icons/credit-cards/mastercard.svg]
[demo.themovation.com/stratus/wp-content/plugins/woocommerce/assets/images/icons/credit-cards/laser.svg]
[demo.themovation.com/stratus/wp-content/plugins/woocommerce/assets/images/icons/credit-cards/diners.svg]
[demo.themovation.com/stratus/wp-content/plugins/woocommerce/assets/images/icons/credit-cards/maestro.svg]
[demo.themovation.com/stratus/wp-content/plugins/woocommerce/assets/images/icons/credit-cards/jcb.svg]
[demo.themovation.com/stratus/wp-content/plugins/woocommerce/assets/images/icons/credit-cards/amex.svg]
[demo.themovation.com/stratus/wp-content/plugins/woocommerce/assets/images/icons/credit-cards/discover.svg]
[demo.themovation.com/stratus/wp-content/plugins/elementor/assets/lib/eicons/fonts/eiconsd6bb.svg]
[demo.themovation.com/stratus/wp-content/plugins/elementor/assets/lib/font-awesome/webfonts/fa-brands-400.svg]
[demo.themovation.com/stratus/wp-content/plugins/elementor/assets/lib/font-awesome/webfonts/fa-regular-400.svg]
[demo.themovation.com/stratus/wp-content/plugins/elementor/assets/lib/font-awesome/webfonts/fa-solid-900.svg]
[demo.themovation.com/stratus/wp-content/uploads/2020/12/Shape-4.svg]
[demo.themovation.com/stratus/wp-content/uploads/2020/12/Shape-5.svg]
[demo.themovation.com/stratus/wp-content/plugins/masterslider/public/assets/css/skins/minimal.svg]
[demo.themovation.com/stratus/wp-content/plugins/elementor/assets/lib/font-awesome/fonts/fontawesome-webfont3e6e.svg]
[demo.themovation.com/stratus/wp-content/themes/stratusx/assets/fonts/flexslider-icon.svg]
[demo.themovation.com/stratus/wp-content/themes/stratusx/assets/fonts/themovation-icons.svg]
